
> polyhesi@0.1.0 dev
> node server/index.js

◇ injected env (0) from .env // tip: ◈ secrets for agents [www.dotenvx.com]
PolyHesi server listening on http://0.0.0.0:10000 (mem[2m10:58:28[22m [36m[1m[vite][22m[39m [90m[2m(client)[22m[39m [32mpage reload [39m[2msrc/game/HighwayWorld.js[22m
[2m10:58:51[22m [36m[1m[vite][22m[39m [90m[2m(client)[22m[39m [32mpage reload [39m[2msrc/game/HighwayWorld.js[22m
[2m10:59:03[22m [36m[1m[vite][22m[39m [90m[2m(client)[22m[39m [32mpage reload [39m[2msrc/game/HighwayWorld.js[22m
[2m10:59:30[22m [36m[1m[vite][22m[39m [90m[2m(client)[22m[39m [32mpage reload [39m[2msrc/game/TrafficSystem.js[22m
[2m10:59:45[22m [36m[1m[vite][22m[39m [90m[2m(client)[22m[39m [32mpage reload [39m[2msrc/game/TrafficSystem.js[22m
[2m11:00:08[22m [36m[1m[vite][22m[39m [90m[2m(client)[22m[39m [32mpage reload [39m[2msrc/game/HighwayWorld.js[22m
[2m11:00:20[22m [36m[1m[vite][22m[39m [90m[2m(client)[22m[39m [32mpage reload [39m[2msrc/game/Game.js[22m
[2m11:00:28[22m [36m[1m[vite][22m[39m [90m[2m(client)[22m[39m [32mpage reload [39m[2msrc/game/PlayerCar.js[22m
[2m11:05:06[22m [36m[1m[vite][22m[39m [90m[2m(client)[22m[39m [32mpage reload [39m[2msrc/game/HighwayWorld.js[22m
[2m11:05:20[22m [36m[1m[vite][22m[39m [90m[2m(client)[22m[39m [32mpage reload [39m[2msrc/game/Game.js[22m
[2m11:06:51[22m [36m[1m[vite][22m[39m [90m[2m(client)[22m[39m [32mpage reload [39m[2msrc/game/TrafficSystem.js[22m
[2m11:40:46[22m [36m[1m[vite][22m[39m [90m[2m(client)[22m[39m [32mpage reload [39m[2msrc/game/HighwayWorld.js[22m
[2m11:40:50[22m [36m[1m[vite][22m[39m [90m[2m(client)[22m[39m [32mpage reload [39m[2msrc/game/HighwayWorld.js[22m
[2m11:40:57[22m [36m[1m[vite][22m[39m [90m[2m(client)[22m[39m [32mpage reload [39m[2msrc/game/HighwayWorld.js[22m
[2m11:41:06[22m [36m[1m[vite][22m[39m [90m[2m(client)[22m[39m [32mpage reload [39m[2msrc/game/HighwayWorld.js[22m
[2m11:41:17[22m [36m[1m[vite][22m[39m [90m[2m(client)[22m[39m [32mpage reload [39m[2msrc/game/HighwayWorld.js[22m
[2m11:41:33[22m [36m[1m[vite][22m[39m [90m[2m(client)[22m[39m [32mpage reload [39m[2msrc/game/HighwayWorld.js[22m
[2m11:41:38[22m [36m[1m[vite][22m[39m [90m[2m(client)[22m[39m [32mpage reload [39m[2msrc/game/HighwayWorld.js[22m
[2m11:41:50[22m [36m[1m[vite][22m[39m [90m[2m(client)[22m[39m [32mpage reload [39m[2msrc/game/HighwayWorld.js[22m
[2m11:41:58[22m [36m[1m[vite][22m[39m [90m[2m(client)[22m[39m [32mpage reload [39m[2msrc/game/HighwayWorld.js[22m
[2m11:42:05[22m [36m[1m[vite][22m[39m [90m[2m(client)[22m[39m [32mpage reload [39m[2msrc/game/HighwayWorld.js[22m
[2m11:42:21[22m [36m[1m[vite][22m[39m [90m[2m(client)[22m[39m [32mpage reload [39m[2msrc/game/HighwayWorld.js[22m
[2m11:42:28[22m [36m[1m[vite][22m[39m [90m[2m(client)[22m[39m [32mpage reload [39m[2msrc/game/HighwayWorld.js[22m
[2m12:12:16[22m [36m[1m[vite][22m[39m [90m[2m(client)[22m[39m [32mpage reload [39m[2msrc/game/HighwayWorld.js[22m
[2m12:12:20[22m [36m[1m[vite][22m[39m [90m[2m(client)[22m[39m [32mpage reload [39m[2msrc/game/HighwayWorld.js[22m
[2m12:13:37[22m [36m[1m[vite][22m[39m [90m[2m(client)[22m[39m [32mpage reload [39m[2msrc/game/HighwayWorld.js[22m
[2m12:13:45[22m [36m[1m[vite][22m[39m [90m[2m(client)[22m[39m [32mpage reload [39m[2msrc/game/HighwayWorld.js[22m
[2m12:14:30[22m [36m[1m[vite][22m[39m [90m[2m(client)[22m[39m [32mpage reload [39m[2msrc/game/Game.js[22m
[2m12:30:07[22m [36m[1m[vite][22m[39m [90m[2m(client)[22m[39m [32mpage reload [39m[2msrc/game/PlayerCar.js[22m
[2m12:30:39[22m [36m[1m[vite][22m[39m [90m[2m(client)[22m[39m [32mpage reload [39m[2msrc/game/HighwayWorld.js[22m
[2m12:30:48[22m [36m[1m[vite][22m[39m [90m[2m(client)[22m[39m [32mpage reload [39m[2msrc/game/HighwayWorld.js[22m
[2m12:30:59[22m [36m[1m[vite][22m[39m [90m[2m(client)[22m[39m [32mpage reload [39m[2msrc/game/HighwayWorld.js[22m
[2m12:31:08[22m [36m[1m[vite][22m[39m [90m[2m(client)[22m[39m [32mpage reload [39m[2msrc/game/PlayerCarAsset.js[22m
[2m12:31:16[22m [36m[1m[vite][22m[39m [90m[2m(client)[22m[39m [32mpage reload [39m[2msrc/game/PlayerCar.js[22m
[2m12:31:36[22m [36m[1m[vite][22m[39m [90m[2m(client)[22m[39m [32mpage reload [39m[2msrc/game/HighwayWorld.js[22m
[2m12:31:39[22m [36m[1m[vite][22m[39m [90m[2m(client)[22m[39m [32mpage reload [39m[2msrc/game/HighwayWorld.js[22m
[2m12:31:49[22m [36m[1m[vite][22m[39m [90m[2m(client)[22m[39m [32mpage reload [39m[2msrc/game/HighwayWorld.js[22m
[2m12:32:08[22m [36m[1m[vite][22m[39m [90m[2m(client)[22m[39m [32mpage reload [39m[2msrc/game/HighwayWorld.js[22m
[2m13:27:08[22m [36m[1m[vite][22m[39m [90m[2m(client)[22m[39m [32mpage reload [39m[2msrc/game/HighwayWorld.js[22m
[2m13:28:45[22m [36m[1m[vite][22m[39m [90m[2m(client)[22m[39m [32mpage reload [39m[2msrc/game/PlayerCarAsset.js[22m
[2m13:28:58[22m [36m[1m[vite][22m[39m [90m[2m(client)[22m[39m [32mpage reload [39m[2msrc/game/HighwayWorld.js[22m
[2m13:29:14[22m [36m[1m[vite][22m[39m [90m[2m(client)[22m[39m [32mpage reload [39m[2msrc/game/HighwayWorld.js[22m
[2m13:29:24[22m [36m[1m[vite][22m[39m [90m[2m(client)[22m[39m [32mpage reload [39m[2msrc/game/HighwayWorld.js[22m
[2m13:29:37[22m [36m[1m[vite][22m[39m [90m[2m(client)[22m[39m [32mpage reload [39m[2msrc/game/HighwayWorld.js[22m
[2m13:29:45[22m [36m[1m[vite][22m[39m [90m[2m(client)[22m[39m [32mpage reload [39m[2msrc/game/HighwayWorld.js[22m
[2m13:30:00[22m [36m[1m[vite][22m[39m [90m[2m(client)[22m[39m [32mpage reload [39m[2msrc/game/HighwayWorld.js[22m
[2m13:30:07[22m [36m[1m[vite][22m[39m [90m[2m(client)[22m[39m [32mpage reload [39m[2msrc/game/HighwayWorld.js[22m
